g++ -std=gnu++0x -g -Ofast -Wno-invalid-offsetof -mcx16 -DNDEBUG -DBWTREE_NODEBUG -MD -MF masstree/.deps/workload.d -MP -include masstree/config.h -c -o workload.o workload.cpp
In file included from index.h:3:0,
                 from microbench.h:13,
                 from workload.cpp:1:
BwTree/bwtree.h: In instantiation of ‘bool wangziqi2013::bwtree::BwTree<KeyType, ValueType, KeyComparator, KeyEqualityChecker, KeyHashFunc, ValueEqualityChecker, ValueHashFunc>::KeyCmpEqual(const KeyType&, const KeyType&) const [with KeyType = long unsigned int; ValueType = long unsigned int; KeyComparator = std::less<long unsigned int>; KeyEqualityChecker = GenericEqualityChecker<31ul>; KeyHashFunc = GenericHasher<31ul>; ValueEqualityChecker = std::equal_to<long unsigned int>; ValueHashFunc = std::hash<long unsigned int>]’:
BwTree/bwtree.h:4483:26:   required from ‘const KeyValuePair* wangziqi2013::bwtree::BwTree<KeyType, ValueType, KeyComparator, KeyEqualityChecker, KeyHashFunc, ValueEqualityChecker, ValueHashFunc>::NavigateLeafNode(wangziqi2013::bwtree::BwTree<KeyType, ValueType, KeyComparator, KeyEqualityChecker, KeyHashFunc, ValueEqualityChecker, ValueHashFunc>::Context*, const ValueType&, std::pair<int, bool>*) [with KeyType = long unsigned int; ValueType = long unsigned int; KeyComparator = std::less<long unsigned int>; KeyEqualityChecker = GenericEqualityChecker<31ul>; KeyHashFunc = GenericHasher<31ul>; ValueEqualityChecker = std::equal_to<long unsigned int>; ValueHashFunc = std::hash<long unsigned int>; wangziqi2013::bwtree::BwTree<KeyType, ValueType, KeyComparator, KeyEqualityChecker, KeyHashFunc, ValueEqualityChecker, ValueHashFunc>::KeyValuePair = std::pair<long unsigned int, long unsigned int>]’
BwTree/bwtree.h:3364:38:   required from ‘const KeyValuePair* wangziqi2013::bwtree::BwTree<KeyType, ValueType, KeyComparator, KeyEqualityChecker, KeyHashFunc, ValueEqualityChecker, ValueHashFunc>::Traverse(wangziqi2013::bwtree::BwTree<KeyType, ValueType, KeyComparator, KeyEqualityChecker, KeyHashFunc, ValueEqualityChecker, ValueHashFunc>::Context*, const ValueType*, std::pair<int, bool>*) [with KeyType = long unsigned int; ValueType = long unsigned int; KeyComparator = std::less<long unsigned int>; KeyEqualityChecker = GenericEqualityChecker<31ul>; KeyHashFunc = GenericHasher<31ul>; ValueEqualityChecker = std::equal_to<long unsigned int>; ValueHashFunc = std::hash<long unsigned int>; wangziqi2013::bwtree::BwTree<KeyType, ValueType, KeyComparator, KeyEqualityChecker, KeyHashFunc, ValueEqualityChecker, ValueHashFunc>::KeyValuePair = std::pair<long unsigned int, long unsigned int>]’
BwTree/bwtree.h:7349:44:   required from ‘bool wangziqi2013::bwtree::BwTree<KeyType, ValueType, KeyComparator, KeyEqualityChecker, KeyHashFunc, ValueEqualityChecker, ValueHashFunc>::Insert(const KeyType&, const ValueType&) [with KeyType = long unsigned int; ValueType = long unsigned int; KeyComparator = std::less<long unsigned int>; KeyEqualityChecker = GenericEqualityChecker<31ul>; KeyHashFunc = GenericHasher<31ul>; ValueEqualityChecker = std::equal_to<long unsigned int>; ValueHashFunc = std::hash<long unsigned int>]’
index.h:62:38:   required from ‘bool BwTreeIndex<KeyType, KeyComparator, KeyEqualityChecker, KeyHashFunc>::insert(KeyType, uint64_t, threadinfo*) [with KeyType = long unsigned int; KeyComparator = std::less<long unsigned int>; KeyEqualityChecker = GenericEqualityChecker<31ul>; KeyHashFunc = GenericHasher<31ul>; uint64_t = long unsigned int]’
workload.cpp:472:1:   required from here
BwTree/bwtree.h:991:35: error: no match for call to ‘(const GenericEqualityChecker<31ul>) (const long unsigned int&, const long unsigned int&)’
       return key_eq_obj(key1, key2);
                                   ^
In file included from index.h:2:0,
                 from microbench.h:13,
                 from workload.cpp:1:
indexkey.h:33:15: note: candidate: bool GenericEqualityChecker<keySize>::operator()(const GenericKey<keySize>&, const GenericKey<keySize>&) const [with long unsigned int keySize = 31ul]
   inline bool operator()(const GenericKey<keySize> &lhs, const GenericKey<keySize> &rhs) const {
               ^
indexkey.h:33:15: note:   no known conversion for argument 1 from ‘const long unsigned int’ to ‘const GenericKey<31ul>&’
In file included from index.h:3:0,
                 from microbench.h:13,
                 from workload.cpp:1:
BwTree/bwtree.h: In instantiation of ‘wangziqi2013::bwtree::BwTree<KeyType, ValueType, KeyComparator, KeyEqualityChecker, KeyHashFunc, ValueEqualityChecker, ValueHashFunc>::CollectAllValuesOnLeaf(wangziqi2013::bwtree::BwTree<KeyType, ValueType, KeyComparator, KeyEqualityChecker, KeyHashFunc, ValueEqualityChecker, ValueHashFunc>::NodeSnapshot*, wangziqi2013::bwtree::BwTree<KeyType, ValueType, KeyComparator, KeyEqualityChecker, KeyHashFunc, ValueEqualityChecker, ValueHashFunc>::LeafNode*)::<lambda(const wangziqi2013::bwtree::BwTree<KeyType, ValueType, KeyComparator, KeyEqualityChecker, KeyHashFunc, ValueEqualityChecker, ValueHashFunc>::LeafDataNode*, const wangziqi2013::bwtree::BwTree<KeyType, ValueType, KeyComparator, KeyEqualityChecker, KeyHashFunc, ValueEqualityChecker, ValueHashFunc>::LeafDataNode*)> [with KeyType = long unsigned int; ValueType = long unsigned int; KeyComparator = std::less<long unsigned int>; KeyEqualityChecker = GenericEqualityChecker<31ul>; KeyHashFunc = GenericHasher<31ul>; ValueEqualityChecker = std::equal_to<long unsigned int>; ValueHashFunc = std::hash<long unsigned int>]’:
BwTree/bwtree.h:4840:16:   required from ‘struct wangziqi2013::bwtree::BwTree<KeyType, ValueType, KeyComparator, KeyEqualityChecker, KeyHashFunc, ValueEqualityChecker, ValueHashFunc>::CollectAllValuesOnLeaf(wangziqi2013::bwtree::BwTree<KeyType, ValueType, KeyComparator, KeyEqualityChecker, KeyHashFunc, ValueEqualityChecker, ValueHashFunc>::NodeSnapshot*, wangziqi2013::bwtree::BwTree<KeyType, ValueType, KeyComparator, KeyEqualityChecker, KeyHashFunc, ValueEqualityChecker, ValueHashFunc>::LeafNode*) [with KeyType = long unsigned int; ValueType = long unsigned int; KeyComparator = std::less<long unsigned int>; KeyEqualityChecker = GenericEqualityChecker<31ul>; KeyHashFunc = GenericHasher<31ul>; ValueEqualityChecker = std::equal_to<long unsigned int>; ValueHashFunc = std::hash<long unsigned int>]::<lambda(const class wangziqi2013::bwtree::BwTree<long unsigned int, long unsigned int, std::less<long unsigned int>, GenericEqualityChecker<31ul>, GenericHasher<31ul>, std::equal_to<long unsigned int>, std::hash<long unsigned int> >::LeafDataNode*, const class wangziqi2013::bwtree::BwTree<long unsigned int, long unsigned int, std::less<long unsigned int>, GenericEqualityChecker<31ul>, GenericHasher<31ul>, std::equal_to<long unsigned int>, std::hash<long unsigned int> >::LeafDataNode*)>’
BwTree/bwtree.h:4852:5:   required from ‘wangziqi2013::bwtree::BwTree<KeyType, ValueType, KeyComparator, KeyEqualityChecker, KeyHashFunc, ValueEqualityChecker, ValueHashFunc>::LeafNode* wangziqi2013::bwtree::BwTree<KeyType, ValueType, KeyComparator, KeyEqualityChecker, KeyHashFunc, ValueEqualityChecker, ValueHashFunc>::CollectAllValuesOnLeaf(wangziqi2013::bwtree::BwTree<KeyType, ValueType, KeyComparator, KeyEqualityChecker, KeyHashFunc, ValueEqualityChecker, ValueHashFunc>::NodeSnapshot*, wangziqi2013::bwtree::BwTree<KeyType, ValueType, KeyComparator, KeyEqualityChecker, KeyHashFunc, ValueEqualityChecker, ValueHashFunc>::LeafNode*) [with KeyType = long unsigned int; ValueType = long unsigned int; KeyComparator = std::less<long unsigned int>; KeyEqualityChecker = GenericEqualityChecker<31ul>; KeyHashFunc = GenericHasher<31ul>; ValueEqualityChecker = std::equal_to<long unsigned int>; ValueHashFunc = std::hash<long unsigned int>]’
BwTree/bwtree.h:9193:9:   required from ‘void wangziqi2013::bwtree::BwTree<KeyType, ValueType, KeyComparator, KeyEqualityChecker, KeyHashFunc, ValueEqualityChecker, ValueHashFunc>::ForwardIterator::LowerBound(wangziqi2013::bwtree::BwTree<KeyType, ValueType, KeyComparator, KeyEqualityChecker, KeyHashFunc, ValueEqualityChecker, ValueHashFunc>*, const KeyType*) [with KeyType = long unsigned int; ValueType = long unsigned int; KeyComparator = std::less<long unsigned int>; KeyEqualityChecker = GenericEqualityChecker<31ul>; KeyHashFunc = GenericHasher<31ul>; ValueEqualityChecker = std::equal_to<long unsigned int>; ValueHashFunc = std::hash<long unsigned int>]’
BwTree/bwtree.h:8799:17:   required from ‘wangziqi2013::bwtree::BwTree<KeyType, ValueType, KeyComparator, KeyEqualityChecker, KeyHashFunc, ValueEqualityChecker, ValueHashFunc>::ForwardIterator::ForwardIterator(wangziqi2013::bwtree::BwTree<KeyType, ValueType, KeyComparator, KeyEqualityChecker, KeyHashFunc, ValueEqualityChecker, ValueHashFunc>*, const KeyType&) [with KeyType = long unsigned int; ValueType = long unsigned int; KeyComparator = std::less<long unsigned int>; KeyEqualityChecker = GenericEqualityChecker<31ul>; KeyHashFunc = GenericHasher<31ul>; ValueEqualityChecker = std::equal_to<long unsigned int>; ValueHashFunc = std::hash<long unsigned int>]’
BwTree/bwtree.h:8503:43:   required from ‘wangziqi2013::bwtree::BwTree<KeyType, ValueType, KeyComparator, KeyEqualityChecker, KeyHashFunc, ValueEqualityChecker, ValueHashFunc>::ForwardIterator wangziqi2013::bwtree::BwTree<KeyType, ValueType, KeyComparator, KeyEqualityChecker, KeyHashFunc, ValueEqualityChecker, ValueHashFunc>::Begin(const KeyType&) [with KeyType = long unsigned int; ValueType = long unsigned int; KeyComparator = std::less<long unsigned int>; KeyEqualityChecker = GenericEqualityChecker<31ul>; KeyHashFunc = GenericHasher<31ul>; ValueEqualityChecker = std::equal_to<long unsigned int>; ValueHashFunc = std::hash<long unsigned int>]’
index.h:79:33:   required from ‘uint64_t BwTreeIndex<KeyType, KeyComparator, KeyEqualityChecker, KeyHashFunc>::scan(KeyType, int, threadinfo*) [with KeyType = long unsigned int; KeyComparator = std::less<long unsigned int>; KeyEqualityChecker = GenericEqualityChecker<31ul>; KeyHashFunc = GenericHasher<31ul>; uint64_t = long unsigned int]’
workload.cpp:472:1:   required from here
BwTree/bwtree.h:4847:14: error: no match for call to ‘(const GenericEqualityChecker<31ul>) (const long unsigned int&, const long unsigned int&)’
       } else if(this->key_eq_obj(ldn1->item.first, ldn2->item.first)) {
              ^
In file included from index.h:2:0,
                 from microbench.h:13,
                 from workload.cpp:1:
indexkey.h:33:15: note: candidate: bool GenericEqualityChecker<keySize>::operator()(const GenericKey<keySize>&, const GenericKey<keySize>&) const [with long unsigned int keySize = 31ul]
   inline bool operator()(const GenericKey<keySize> &lhs, const GenericKey<keySize> &rhs) const {
               ^
indexkey.h:33:15: note:   no known conversion for argument 1 from ‘const long unsigned int’ to ‘const GenericKey<31ul>&’
In file included from index.h:3:0,
                 from microbench.h:13,
                 from workload.cpp:1:
BwTree/bwtree.h: In instantiation of ‘wangziqi2013::bwtree::BwTree<KeyType, ValueType, KeyComparator, KeyEqualityChecker, KeyHashFunc, ValueEqualityChecker, ValueHashFunc>::CollectAllSepsOnInner(wangziqi2013::bwtree::BwTree<KeyType, ValueType, KeyComparator, KeyEqualityChecker, KeyHashFunc, ValueEqualityChecker, ValueHashFunc>::NodeSnapshot*, int)::<lambda(const wangziqi2013::bwtree::BwTree<KeyType, ValueType, KeyComparator, KeyEqualityChecker, KeyHashFunc, ValueEqualityChecker, ValueHashFunc>::InnerDataNode*, const wangziqi2013::bwtree::BwTree<KeyType, ValueType, KeyComparator, KeyEqualityChecker, KeyHashFunc, ValueEqualityChecker, ValueHashFunc>::InnerDataNode*)> [with KeyType = long unsigned int; ValueType = long unsigned int; KeyComparator = std::less<long unsigned int>; KeyEqualityChecker = GenericEqualityChecker<31ul>; KeyHashFunc = GenericHasher<31ul>; ValueEqualityChecker = std::equal_to<long unsigned int>; ValueHashFunc = std::hash<long unsigned int>]’:
BwTree/bwtree.h:3945:16:   required from ‘struct wangziqi2013::bwtree::BwTree<KeyType, ValueType, KeyComparator, KeyEqualityChecker, KeyHashFunc, ValueEqualityChecker, ValueHashFunc>::CollectAllSepsOnInner(wangziqi2013::bwtree::BwTree<KeyType, ValueType, KeyComparator, KeyEqualityChecker, KeyHashFunc, ValueEqualityChecker, ValueHashFunc>::NodeSnapshot*, int) [with KeyType = long unsigned int; ValueType = long unsigned int; KeyComparator = std::less<long unsigned int>; KeyEqualityChecker = GenericEqualityChecker<31ul>; KeyHashFunc = GenericHasher<31ul>; ValueEqualityChecker = std::equal_to<long unsigned int>; ValueHashFunc = std::hash<long unsigned int>]::<lambda(const class wangziqi2013::bwtree::BwTree<long unsigned int, long unsigned int, std::less<long unsigned int>, GenericEqualityChecker<31ul>, GenericHasher<31ul>, std::equal_to<long unsigned int>, std::hash<long unsigned int> >::InnerDataNode*, const class wangziqi2013::bwtree::BwTree<long unsigned int, long unsigned int, std::less<long unsigned int>, GenericEqualityChecker<31ul>, GenericHasher<31ul>, std::equal_to<long unsigned int>, std::hash<long unsigned int> >::InnerDataNode*)>’
BwTree/bwtree.h:3947:21:   required from ‘wangziqi2013::bwtree::BwTree<KeyType, ValueType, KeyComparator, KeyEqualityChecker, KeyHashFunc, ValueEqualityChecker, ValueHashFunc>::InnerNode* wangziqi2013::bwtree::BwTree<KeyType, ValueType, KeyComparator, KeyEqualityChecker, KeyHashFunc, ValueEqualityChecker, ValueHashFunc>::CollectAllSepsOnInner(wangziqi2013::bwtree::BwTree<KeyType, ValueType, KeyComparator, KeyEqualityChecker, KeyHashFunc, ValueEqualityChecker, ValueHashFunc>::NodeSnapshot*, int) [with KeyType = long unsigned int; ValueType = long unsigned int; KeyComparator = std::less<long unsigned int>; KeyEqualityChecker = GenericEqualityChecker<31ul>; KeyHashFunc = GenericHasher<31ul>; ValueEqualityChecker = std::equal_to<long unsigned int>; ValueHashFunc = std::hash<long unsigned int>]’
BwTree/bwtree.h:7209:34:   required from ‘NodeID wangziqi2013::bwtree::BwTree<KeyType, ValueType, KeyComparator, KeyEqualityChecker, KeyHashFunc, ValueEqualityChecker, ValueHashFunc>::FindLeftSibling(const KeyType&, wangziqi2013::bwtree::BwTree<KeyType, ValueType, KeyComparator, KeyEqualityChecker, KeyHashFunc, ValueEqualityChecker, ValueHashFunc>::NodeSnapshot*) [with KeyType = long unsigned int; ValueType = long unsigned int; KeyComparator = std::less<long unsigned int>; KeyEqualityChecker = GenericEqualityChecker<31ul>; KeyHashFunc = GenericHasher<31ul>; ValueEqualityChecker = std::equal_to<long unsigned int>; ValueHashFunc = std::hash<long unsigned int>; NodeID = long unsigned int]’
BwTree/bwtree.h:5231:45:   required from ‘void wangziqi2013::bwtree::BwTree<KeyType, ValueType, KeyComparator, KeyEqualityChecker, KeyHashFunc, ValueEqualityChecker, ValueHashFunc>::JumpToLeftSibling(wangziqi2013::bwtree::BwTree<KeyType, ValueType, KeyComparator, KeyEqualityChecker, KeyHashFunc, ValueEqualityChecker, ValueHashFunc>::Context*) [with KeyType = long unsigned int; ValueType = long unsigned int; KeyComparator = std::less<long unsigned int>; KeyEqualityChecker = GenericEqualityChecker<31ul>; KeyHashFunc = GenericHasher<31ul>; ValueEqualityChecker = std::equal_to<long unsigned int>; ValueHashFunc = std::hash<long unsigned int>]’
BwTree/bwtree.h:5889:26:   required from ‘void wangziqi2013::bwtree::BwTree<KeyType, ValueType, KeyComparator, KeyEqualityChecker, KeyHashFunc, ValueEqualityChecker, ValueHashFunc>::FinishPartialSMO(wangziqi2013::bwtree::BwTree<KeyType, ValueType, KeyComparator, KeyEqualityChecker, KeyHashFunc, ValueEqualityChecker, ValueHashFunc>::Context*) [with KeyType = long unsigned int; ValueType = long unsigned int; KeyComparator = std::less<long unsigned int>; KeyEqualityChecker = GenericEqualityChecker<31ul>; KeyHashFunc = GenericHasher<31ul>; ValueEqualityChecker = std::equal_to<long unsigned int>; ValueHashFunc = std::hash<long unsigned int>]’
BwTree/bwtree.h:5373:21:   required from ‘void wangziqi2013::bwtree::BwTree<KeyType, ValueType, KeyComparator, KeyEqualityChecker, KeyHashFunc, ValueEqualityChecker, ValueHashFunc>::LoadNodeID(NodeID, wangziqi2013::bwtree::BwTree<KeyType, ValueType, KeyComparator, KeyEqualityChecker, KeyHashFunc, ValueEqualityChecker, ValueHashFunc>::Context*) [with KeyType = long unsigned int; ValueType = long unsigned int; KeyComparator = std::less<long unsigned int>; KeyEqualityChecker = GenericEqualityChecker<31ul>; KeyHashFunc = GenericHasher<31ul>; ValueEqualityChecker = std::equal_to<long unsigned int>; ValueHashFunc = std::hash<long unsigned int>; NodeID = long unsigned int]’
BwTree/bwtree.h:3302:15:   required from ‘const KeyValuePair* wangziqi2013::bwtree::BwTree<KeyType, ValueType, KeyComparator, KeyEqualityChecker, KeyHashFunc, ValueEqualityChecker, ValueHashFunc>::Traverse(wangziqi2013::bwtree::BwTree<KeyType, ValueType, KeyComparator, KeyEqualityChecker, KeyHashFunc, ValueEqualityChecker, ValueHashFunc>::Context*, const ValueType*, std::pair<int, bool>*) [with KeyType = long unsigned int; ValueType = long unsigned int; KeyComparator = std::less<long unsigned int>; KeyEqualityChecker = GenericEqualityChecker<31ul>; KeyHashFunc = GenericHasher<31ul>; ValueEqualityChecker = std::equal_to<long unsigned int>; ValueHashFunc = std::hash<long unsigned int>; wangziqi2013::bwtree::BwTree<KeyType, ValueType, KeyComparator, KeyEqualityChecker, KeyHashFunc, ValueEqualityChecker, ValueHashFunc>::KeyValuePair = std::pair<long unsigned int, long unsigned int>]’
BwTree/bwtree.h:7349:44:   required from ‘bool wangziqi2013::bwtree::BwTree<KeyType, ValueType, KeyComparator, KeyEqualityChecker, KeyHashFunc, ValueEqualityChecker, ValueHashFunc>::Insert(const KeyType&, const ValueType&) [with KeyType = long unsigned int; ValueType = long unsigned int; KeyComparator = std::less<long unsigned int>; KeyEqualityChecker = GenericEqualityChecker<31ul>; KeyHashFunc = GenericHasher<31ul>; ValueEqualityChecker = std::equal_to<long unsigned int>; ValueHashFunc = std::hash<long unsigned int>]’
index.h:62:38:   required from ‘bool BwTreeIndex<KeyType, KeyComparator, KeyEqualityChecker, KeyHashFunc>::insert(KeyType, uint64_t, threadinfo*) [with KeyType = long unsigned int; KeyComparator = std::less<long unsigned int>; KeyEqualityChecker = GenericEqualityChecker<31ul>; KeyHashFunc = GenericHasher<31ul>; uint64_t = long unsigned int]’
workload.cpp:472:1:   required from here
BwTree/bwtree.h:3947:21: error: no match for call to ‘(const GenericEqualityChecker<31ul>) (const long unsigned int&, const long unsigned int&)’
                     };
                     ^
In file included from index.h:2:0,
                 from microbench.h:13,
                 from workload.cpp:1:
indexkey.h:33:15: note: candidate: bool GenericEqualityChecker<keySize>::operator()(const GenericKey<keySize>&, const GenericKey<keySize>&) const [with long unsigned int keySize = 31ul]
   inline bool operator()(const GenericKey<keySize> &lhs, const GenericKey<keySize> &rhs) const {
               ^
indexkey.h:33:15: note:   no known conversion for argument 1 from ‘const long unsigned int’ to ‘const GenericKey<31ul>&’
In file included from BwTree/bwtree.h:107:0,
                 from index.h:3,
                 from microbench.h:13,
                 from workload.cpp:1:
BwTree/sorted_small_set.h:33:3: error: ‘SortedSmallSet<ValueType, ValueComparator, ValueEqualityChecker>::SortedSmallSet(ValueType*, const ValueComparator&, const ValueEqualityChecker&) [with ValueType = const wangziqi2013::bwtree::BwTree<long unsigned int, long unsigned int, std::less<long unsigned int>, GenericEqualityChecker<31ul>, GenericHasher<31ul>, std::equal_to<long unsigned int>, std::hash<long unsigned int> >::LeafDataNode*; ValueComparator = wangziqi2013::bwtree::BwTree<KeyType, ValueType, KeyComparator, KeyEqualityChecker, KeyHashFunc, ValueEqualityChecker, ValueHashFunc>::CollectAllValuesOnLeaf(wangziqi2013::bwtree::BwTree<KeyType, ValueType, KeyComparator, KeyEqualityChecker, KeyHashFunc, ValueEqualityChecker, ValueHashFunc>::NodeSnapshot*, wangziqi2013::bwtree::BwTree<KeyType, ValueType, KeyComparator, KeyEqualityChecker, KeyHashFunc, ValueEqualityChecker, ValueHashFunc>::LeafNode*) [with KeyType = long unsigned int; ValueType = long unsigned int; KeyComparator = std::less<long unsigned int>; KeyEqualityChecker = GenericEqualityChecker<31ul>; KeyHashFunc = GenericHasher<31ul>; ValueEqualityChecker = std::equal_to<long unsigned int>; ValueHashFunc = std::hash<long unsigned int>]::<lambda(const wangziqi2013::bwtree::BwTree<long unsigned int, long unsigned int, std::less<long unsigned int>, GenericEqualityChecker<31ul>, GenericHasher<31ul>, std::equal_to<long unsigned int>, std::hash<long unsigned int> >::LeafDataNode*, const wangziqi2013::bwtree::BwTree<long unsigned int, long unsigned int, std::less<long unsigned int>, GenericEqualityChecker<31ul>, GenericHasher<31ul>, std::equal_to<long unsigned int>, std::hash<long unsigned int> >::LeafDataNode*)>; ValueEqualityChecker = wangziqi2013::bwtree::BwTree<KeyType, ValueType, KeyComparator, KeyEqualityChecker, KeyHashFunc, ValueEqualityChecker, ValueHashFunc>::CollectAllValuesOnLeaf(wangziqi2013::bwtree::BwTree<KeyType, ValueType, KeyComparator, KeyEqualityChecker, KeyHashFunc, ValueEqualityChecker, ValueHashFunc>::NodeSnapshot*, wangziqi2013::bwtree::BwTree<KeyType, ValueType, KeyComparator, KeyEqualityChecker, KeyHashFunc, ValueEqualityChecker, ValueHashFunc>::LeafNode*) [with KeyType = long unsigned int; ValueType = long unsigned int; KeyComparator = std::less<long unsigned int>; KeyEqualityChecker = GenericEqualityChecker<31ul>; KeyHashFunc = GenericHasher<31ul>; ValueEqualityChecker = std::equal_to<long unsigned int>; ValueHashFunc = std::hash<long unsigned int>]::<lambda(const wangziqi2013::bwtree::BwTree<long unsigned int, long unsigned int, std::less<long unsigned int>, GenericEqualityChecker<31ul>, GenericHasher<31ul>, std::equal_to<long unsigned int>, std::hash<long unsigned int> >::LeafDataNode*, const wangziqi2013::bwtree::BwTree<long unsigned int, long unsigned int, std::less<long unsigned int>, GenericEqualityChecker<31ul>, GenericHasher<31ul>, std::equal_to<long unsigned int>, std::hash<long unsigned int> >::LeafDataNode*)>]’, declared using local type ‘const wangziqi2013::bwtree::BwTree<KeyType, ValueType, KeyComparator, KeyEqualityChecker, KeyHashFunc, ValueEqualityChecker, ValueHashFunc>::CollectAllValuesOnLeaf(wangziqi2013::bwtree::BwTree<KeyType, ValueType, KeyComparator, KeyEqualityChecker, KeyHashFunc, ValueEqualityChecker, ValueHashFunc>::NodeSnapshot*, wangziqi2013::bwtree::BwTree<KeyType, ValueType, KeyComparator, KeyEqualityChecker, KeyHashFunc, ValueEqualityChecker, ValueHashFunc>::LeafNode*) [with KeyType = long unsigned int; ValueType = long unsigned int; KeyComparator = std::less<long unsigned int>; KeyEqualityChecker = GenericEqualityChecker<31ul>; KeyHashFunc = GenericHasher<31ul>; ValueEqualityChecker = std::equal_to<long unsigned int>; ValueHashFunc = std::hash<long unsigned int>]::<lambda(const wangziqi2013::bwtree::BwTree<long unsigned int, long unsigned int, std::less<long unsigned int>, GenericEqualityChecker<31ul>, GenericHasher<31ul>, std::equal_to<long unsigned int>, std::hash<long unsigned int> >::LeafDataNode*, const wangziqi2013::bwtree::BwTree<long unsigned int, long unsigned int, std::less<long unsigned int>, GenericEqualityChecker<31ul>, GenericHasher<31ul>, std::equal_to<long unsigned int>, std::hash<long unsigned int> >::LeafDataNode*)>’, is used but never defined [-fpermissive]
   SortedSmallSet(ValueType *p_data,
   ^
BwTree/sorted_small_set.h:33:3: error: ‘SortedSmallSet<ValueType, ValueComparator, ValueEqualityChecker>::SortedSmallSet(ValueType*, const ValueComparator&, const ValueEqualityChecker&) [with ValueType = const wangziqi2013::bwtree::BwTree<long unsigned int, long unsigned int, std::less<long unsigned int>, GenericEqualityChecker<31ul>, GenericHasher<31ul>, std::equal_to<long unsigned int>, std::hash<long unsigned int> >::InnerDataNode*; ValueComparator = wangziqi2013::bwtree::BwTree<KeyType, ValueType, KeyComparator, KeyEqualityChecker, KeyHashFunc, ValueEqualityChecker, ValueHashFunc>::CollectAllSepsOnInner(wangziqi2013::bwtree::BwTree<KeyType, ValueType, KeyComparator, KeyEqualityChecker, KeyHashFunc, ValueEqualityChecker, ValueHashFunc>::NodeSnapshot*, int) [with KeyType = long unsigned int; ValueType = long unsigned int; KeyComparator = std::less<long unsigned int>; KeyEqualityChecker = GenericEqualityChecker<31ul>; KeyHashFunc = GenericHasher<31ul>; ValueEqualityChecker = std::equal_to<long unsigned int>; ValueHashFunc = std::hash<long unsigned int>]::<lambda(const wangziqi2013::bwtree::BwTree<long unsigned int, long unsigned int, std::less<long unsigned int>, GenericEqualityChecker<31ul>, GenericHasher<31ul>, std::equal_to<long unsigned int>, std::hash<long unsigned int> >::InnerDataNode*, const wangziqi2013::bwtree::BwTree<long unsigned int, long unsigned int, std::less<long unsigned int>, GenericEqualityChecker<31ul>, GenericHasher<31ul>, std::equal_to<long unsigned int>, std::hash<long unsigned int> >::InnerDataNode*)>; ValueEqualityChecker = wangziqi2013::bwtree::BwTree<KeyType, ValueType, KeyComparator, KeyEqualityChecker, KeyHashFunc, ValueEqualityChecker, ValueHashFunc>::CollectAllSepsOnInner(wangziqi2013::bwtree::BwTree<KeyType, ValueType, KeyComparator, KeyEqualityChecker, KeyHashFunc, ValueEqualityChecker, ValueHashFunc>::NodeSnapshot*, int) [with KeyType = long unsigned int; ValueType = long unsigned int; KeyComparator = std::less<long unsigned int>; KeyEqualityChecker = GenericEqualityChecker<31ul>; KeyHashFunc = GenericHasher<31ul>; ValueEqualityChecker = std::equal_to<long unsigned int>; ValueHashFunc = std::hash<long unsigned int>]::<lambda(const wangziqi2013::bwtree::BwTree<long unsigned int, long unsigned int, std::less<long unsigned int>, GenericEqualityChecker<31ul>, GenericHasher<31ul>, std::equal_to<long unsigned int>, std::hash<long unsigned int> >::InnerDataNode*, const wangziqi2013::bwtree::BwTree<long unsigned int, long unsigned int, std::less<long unsigned int>, GenericEqualityChecker<31ul>, GenericHasher<31ul>, std::equal_to<long unsigned int>, std::hash<long unsigned int> >::InnerDataNode*)>]’, declared using local type ‘const wangziqi2013::bwtree::BwTree<KeyType, ValueType, KeyComparator, KeyEqualityChecker, KeyHashFunc, ValueEqualityChecker, ValueHashFunc>::CollectAllSepsOnInner(wangziqi2013::bwtree::BwTree<KeyType, ValueType, KeyComparator, KeyEqualityChecker, KeyHashFunc, ValueEqualityChecker, ValueHashFunc>::NodeSnapshot*, int) [with KeyType = long unsigned int; ValueType = long unsigned int; KeyComparator = std::less<long unsigned int>; KeyEqualityChecker = GenericEqualityChecker<31ul>; KeyHashFunc = GenericHasher<31ul>; ValueEqualityChecker = std::equal_to<long unsigned int>; ValueHashFunc = std::hash<long unsigned int>]::<lambda(const wangziqi2013::bwtree::BwTree<long unsigned int, long unsigned int, std::less<long unsigned int>, GenericEqualityChecker<31ul>, GenericHasher<31ul>, std::equal_to<long unsigned int>, std::hash<long unsigned int> >::InnerDataNode*, const wangziqi2013::bwtree::BwTree<long unsigned int, long unsigned int, std::less<long unsigned int>, GenericEqualityChecker<31ul>, GenericHasher<31ul>, std::equal_to<long unsigned int>, std::hash<long unsigned int> >::InnerDataNode*)>’, is used but never defined [-fpermissive]
make: *** [workload.o] Error 1
